<?xml version="1.0" encoding="windows-1251" standalone="no"?>
<!DOCTYPE log SYSTEM "logger.dtd">
<log>
<record>
  <date>2023-02-20T10:32:34.040275300Z</date>
  <millis>1676889154040</millis>
  <nanos>275300</nanos>
  <sequence>0</sequence>
  <logger>Main</logger>
  <level>INFO</level>
  <class>Main</class>
  <method>main</method>
  <thread>1</thread>
  <message>logging: 98</message>
</record>
<record>
  <date>2023-02-20T10:32:34.101275400Z</date>
  <millis>1676889154101</millis>
  <nanos>275400</nanos>
  <sequence>1</sequence>
  <logger>Main</logger>
  <level>INFO</level>
  <class>Main</class>
  <method>main</method>
  <thread>1</thread>
  <message>logging: 98</message>
</record>
<record>
  <date>2023-02-20T10:32:34.103273700Z</date>
  <millis>1676889154103</millis>
  <nanos>273700</nanos>
  <sequence>2</sequence>
  <logger>Main</logger>
  <level>INFO</level>
  <class>Main</class>
  <method>main</method>
  <thread>1</thread>
  <message>logging: 98</message>
</record>
<record>
  <date>2023-02-20T10:32:34.105274200Z</date>
  <millis>1676889154105</millis>
  <nanos>274200</nanos>
  <sequence>3</sequence>
  <logger>Main</logger>
  <level>INFO</level>
  <class>Main</class>
  <method>main</method>
  <thread>1</thread>
  <message>logging: 98</message>
</record>
<record>
  <date>2023-02-20T10:32:34.106275600Z</date>
  <millis>1676889154106</millis>
  <nanos>275600</nanos>
  <sequence>4</sequence>
  <logger>Main</logger>
  <level>INFO</level>
  <class>Main</class>
  <method>main</method>
  <thread>1</thread>
  <message>logging: 98</message>
</record>
<record>
  <date>2023-02-20T10:32:34.108274500Z</date>
  <millis>1676889154108</millis>
  <nanos>274500</nanos>
  <sequence>5</sequence>
  <logger>Main</logger>
  <level>INFO</level>
  <class>Main</class>
  <method>main</method>
  <thread>1</thread>
  <message>logging: 98</message>
</record>
<record>
  <date>2023-02-20T10:32:34.109273500Z</date>
  <millis>1676889154109</millis>
  <nanos>273500</nanos>
  <sequence>6</sequence>
  <logger>Main</logger>
  <level>INFO</level>
  <class>Main</class>
  <method>main</method>
  <thread>1</thread>
  <message>logging: 98</message>
</record>
<record>
  <date>2023-02-20T10:32:34.110274300Z</date>
  <millis>1676889154110</millis>
  <nanos>274300</nanos>
  <sequence>7</sequence>
  <logger>Main</logger>
  <level>INFO</level>
  <class>Main</class>
  <method>main</method>
  <thread>1</thread>
  <message>logging: 98</message>
</record>
<record>
  <date>2023-02-20T10:32:34.111273800Z</date>
  <millis>1676889154111</millis>
  <nanos>273800</nanos>
  <sequence>8</sequence>
  <logger>Main</logger>
  <level>INFO</level>
  <class>Main</class>
  <method>main</method>
  <thread>1</thread>
  <message>logging: 98</message>
</record>
<record>
  <date>2023-02-20T10:32:34.112275300Z</date>
  <millis>1676889154112</millis>
  <nanos>275300</nanos>
  <sequence>9</sequence>
  <logger>Main</logger>
  <level>INFO</level>
  <class>Main</class>
  <method>main</method>
  <thread>1</thread>
  <message>logging: 98</message>
</record>
<record>
  <date>2023-02-20T10:32:34.114274900Z</date>
  <millis>1676889154114</millis>
  <nanos>274900</nanos>
  <sequence>10</sequence>
  <logger>Main</logger>
  <level>INFO</level>
  <class>Main</class>
  <method>main</method>
  <thread>1</thread>
  <message>logging: 98</message>
</record>
<record>
  <date>2023-02-20T10:32:34.115274100Z</date>
  <millis>1676889154115</millis>
  <nanos>274100</nanos>
  <sequence>11</sequence>
  <logger>Main</logger>
  <level>INFO</level>
  <class>Main</class>
  <method>main</method>
  <thread>1</thread>
  <message>logging: 98</message>
</record>
<record>
  <date>2023-02-20T10:32:34.116273400Z</date>
  <millis>1676889154116</millis>
  <nanos>273400</nanos>
  <sequence>12</sequence>
  <logger>Main</logger>
  <level>INFO</level>
  <class>Main</class>
  <method>main</method>
  <thread>1</thread>
  <message>logging: 98</message>
</record>
<record>
  <date>2023-02-20T10:32:34.117277900Z</date>
  <millis>1676889154117</millis>
  <nanos>277900</nanos>
  <sequence>13</sequence>
  <logger>Main</logger>
  <level>INFO</level>
  <class>Main</class>
  <method>main</method>
  <thread>1</thread>
  <message>logging: 98</message>
</record>
<record>
  <date>2023-02-20T10:32:34.119278100Z</date>
  <millis>1676889154119</millis>
  <nanos>278100</nanos>
  <sequence>14</sequence>
  <logger>Main</logger>
  <level>INFO</level>
  <class>Main</class>
  <method>main</method>
  <thread>1</thread>
  <message>logging: 98</message>
</record>
<record>
  <date>2023-02-20T10:32:34.121273900Z</date>
  <millis>1676889154121</millis>
  <nanos>273900</nanos>
  <sequence>15</sequence>
  <logger>Main</logger>
  <level>INFO</level>
  <class>Main</class>
  <method>main</method>
  <thread>1</thread>
  <message>logging: 98</message>
</record>
<record>
  <date>2023-02-20T10:32:34.122274800Z</date>
  <millis>1676889154122</millis>
  <nanos>274800</nanos>
  <sequence>16</sequence>
  <logger>Main</logger>
  <level>INFO</level>
  <class>Main</class>
  <method>main</method>
  <thread>1</thread>
  <message>logging: 98</message>
</record>
<record>
  <date>2023-02-20T10:32:34.123274400Z</date>
  <millis>1676889154123</millis>
  <nanos>274400</nanos>
  <sequence>17</sequence>
  <logger>Main</logger>
  <level>INFO</level>
  <class>Main</class>
  <method>main</method>
  <thread>1</thread>
  <message>logging: 98</message>
</record>
<record>
  <date>2023-02-20T10:32:34.124274200Z</date>
  <millis>1676889154124</millis>
  <nanos>274200</nanos>
  <sequence>18</sequence>
  <logger>Main</logger>
  <level>INFO</level>
  <class>Main</class>
  <method>main</method>
  <thread>1</thread>
  <message>logging: 98</message>
</record>
<record>
  <date>2023-02-20T10:32:34.126274600Z</date>
  <millis>1676889154126</millis>
  <nanos>274600</nanos>
  <sequence>19</sequence>
  <logger>Main</logger>
  <level>INFO</level>
  <class>Main</class>
  <method>main</method>
  <thread>1</thread>
  <message>logging: 97</message>
</record>
<record>
  <date>2023-02-20T10:32:34.127276900Z</date>
  <millis>1676889154127</millis>
  <nanos>276900</nanos>
  <sequence>20</sequence>
  <logger>Main</logger>
  <level>INFO</level>
  <class>Main</class>
  <method>main</method>
  <thread>1</thread>
  <message>logging: 97</message>
</record>
<record>
  <date>2023-02-20T10:32:34.129273200Z</date>
  <millis>1676889154129</millis>
  <nanos>273200</nanos>
  <sequence>21</sequence>
  <logger>Main</logger>
  <level>INFO</level>
  <class>Main</class>
  <method>main</method>
  <thread>1</thread>
  <message>logging: 97</message>
</record>
<record>
  <date>2023-02-20T10:32:34.130277200Z</date>
  <millis>1676889154130</millis>
  <nanos>277200</nanos>
  <sequence>22</sequence>
  <logger>Main</logger>
  <level>INFO</level>
  <class>Main</class>
  <method>main</method>
  <thread>1</thread>
  <message>logging: 97</message>
</record>
<record>
  <date>2023-02-20T10:32:34.131278500Z</date>
  <millis>1676889154131</millis>
  <nanos>278500</nanos>
  <sequence>23</sequence>
  <logger>Main</logger>
  <level>INFO</level>
  <class>Main</class>
  <method>main</method>
  <thread>1</thread>
  <message>logging: 97</message>
</record>
<record>
  <date>2023-02-20T10:32:34.132278200Z</date>
  <millis>1676889154132</millis>
  <nanos>278200</nanos>
  <sequence>24</sequence>
  <logger>Main</logger>
  <level>INFO</level>
  <class>Main</class>
  <method>main</method>
  <thread>1</thread>
  <message>logging: 97</message>
</record>
<record>
  <date>2023-02-20T10:32:34.134275900Z</date>
  <millis>1676889154134</millis>
  <nanos>275900</nanos>
  <sequence>25</sequence>
  <logger>Main</logger>
  <level>INFO</level>
  <class>Main</class>
  <method>main</method>
  <thread>1</thread>
  <message>logging: 97</message>
</record>
<record>
  <date>2023-02-20T10:32:34.136278100Z</date>
  <millis>1676889154136</millis>
  <nanos>278100</nanos>
  <sequence>26</sequence>
  <logger>Main</logger>
  <level>INFO</level>
  <class>Main</class>
  <method>main</method>
  <thread>1</thread>
  <message>logging: 97</message>
</record>
<record>
  <date>2023-02-20T10:32:34.138274300Z</date>
  <millis>1676889154138</millis>
  <nanos>274300</nanos>
  <sequence>27</sequence>
  <logger>Main</logger>
  <level>INFO</level>
  <class>Main</class>
  <method>main</method>
  <thread>1</thread>
  <message>logging: 97</message>
</record>
<record>
  <date>2023-02-20T10:32:34.139278900Z</date>
  <millis>1676889154139</millis>
  <nanos>278900</nanos>
  <sequence>28</sequence>
  <logger>Main</logger>
  <level>INFO</level>
  <class>Main</class>
  <method>main</method>
  <thread>1</thread>
  <message>logging: 97</message>
</record>
<record>
  <date>2023-02-20T10:32:34.140277Z</date>
  <millis>1676889154140</millis>
  <nanos>277000</nanos>
  <sequence>29</sequence>
  <logger>Main</logger>
  <level>INFO</level>
  <class>Main</class>
  <method>main</method>
  <thread>1</thread>
  <message>logging: 97</message>
</record>
<record>
  <date>2023-02-20T10:32:34.141277800Z</date>
  <millis>1676889154141</millis>
  <nanos>277800</nanos>
  <sequence>30</sequence>
  <logger>Main</logger>
  <level>INFO</level>
  <class>Main</class>
  <method>main</method>
  <thread>1</thread>
  <message>logging: 97</message>
</record>
<record>
  <date>2023-02-20T10:32:34.143274900Z</date>
  <millis>1676889154143</millis>
  <nanos>274900</nanos>
  <sequence>31</sequence>
  <logger>Main</logger>
  <level>INFO</level>
  <class>Main</class>
  <method>main</method>
  <thread>1</thread>
  <message>logging: 97</message>
</record>
<record>
  <date>2023-02-20T10:32:34.144273100Z</date>
  <millis>1676889154144</millis>
  <nanos>273100</nanos>
  <sequence>32</sequence>
  <logger>Main</logger>
  <level>INFO</level>
  <class>Main</class>
  <method>main</method>
  <thread>1</thread>
  <message>logging: 97</message>
</record>
<record>
  <date>2023-02-20T10:32:34.144273100Z</date>
  <millis>1676889154144</millis>
  <nanos>273100</nanos>
  <sequence>33</sequence>
  <logger>Main</logger>
  <level>INFO</level>
  <class>Main</class>
  <method>main</method>
  <thread>1</thread>
  <message>logging: 97</message>
</record>
<record>
  <date>2023-02-20T10:32:34.145272700Z</date>
  <millis>1676889154145</millis>
  <nanos>272700</nanos>
  <sequence>34</sequence>
  <logger>Main</logger>
  <level>INFO</level>
  <class>Main</class>
  <method>main</method>
  <thread>1</thread>
  <message>logging: 97</message>
</record>
<record>
  <date>2023-02-20T10:32:34.146276900Z</date>
  <millis>1676889154146</millis>
  <nanos>276900</nanos>
  <sequence>35</sequence>
  <logger>Main</logger>
  <level>INFO</level>
  <class>Main</class>
  <method>main</method>
  <thread>1</thread>
  <message>logging: 97</message>
</record>
<record>
  <date>2023-02-20T10:32:34.147273Z</date>
  <millis>1676889154147</millis>
  <nanos>273000</nanos>
  <sequence>36</sequence>
  <logger>Main</logger>
  <level>INFO</level>
  <class>Main</class>
  <method>main</method>
  <thread>1</thread>
  <message>logging: 97</message>
</record>
<record>
  <date>2023-02-20T10:32:34.148273Z</date>
  <millis>1676889154148</millis>
  <nanos>273000</nanos>
  <sequence>37</sequence>
  <logger>Main</logger>
  <level>INFO</level>
  <class>Main</class>
  <method>main</method>
  <thread>1</thread>
  <message>logging: 88</message>
</record>
<record>
  <date>2023-02-20T10:32:34.149273700Z</date>
  <millis>1676889154149</millis>
  <nanos>273700</nanos>
  <sequence>38</sequence>
  <logger>Main</logger>
  <level>INFO</level>
  <class>Main</class>
  <method>main</method>
  <thread>1</thread>
  <message>logging: 88</message>
</record>
<record>
  <date>2023-02-20T10:32:34.150275500Z</date>
  <millis>1676889154150</millis>
  <nanos>275500</nanos>
  <sequence>39</sequence>
  <logger>Main</logger>
  <level>INFO</level>
  <class>Main</class>
  <method>main</method>
  <thread>1</thread>
  <message>logging: 88</message>
</record>
<record>
  <date>2023-02-20T10:32:34.152277400Z</date>
  <millis>1676889154152</millis>
  <nanos>277400</nanos>
  <sequence>40</sequence>
  <logger>Main</logger>
  <level>INFO</level>
  <class>Main</class>
  <method>main</method>
  <thread>1</thread>
  <message>logging: 88</message>
</record>
<record>
  <date>2023-02-20T10:32:34.153278900Z</date>
  <millis>1676889154153</millis>
  <nanos>278900</nanos>
  <sequence>41</sequence>
  <logger>Main</logger>
  <level>INFO</level>
  <class>Main</class>
  <method>main</method>
  <thread>1</thread>
  <message>logging: 88</message>
</record>
<record>
  <date>2023-02-20T10:32:34.154277800Z</date>
  <millis>1676889154154</millis>
  <nanos>277800</nanos>
  <sequence>42</sequence>
  <logger>Main</logger>
  <level>INFO</level>
  <class>Main</class>
  <method>main</method>
  <thread>1</thread>
  <message>logging: 94</message>
</record>
<record>
  <date>2023-02-20T10:32:34.155277500Z</date>
  <millis>1676889154155</millis>
  <nanos>277500</nanos>
  <sequence>43</sequence>
  <logger>Main</logger>
  <level>INFO</level>
  <class>Main</class>
  <method>main</method>
  <thread>1</thread>
  <message>logging: 94</message>
</record>
<record>
  <date>2023-02-20T10:32:34.156274600Z</date>
  <millis>1676889154156</millis>
  <nanos>274600</nanos>
  <sequence>44</sequence>
  <logger>Main</logger>
  <level>INFO</level>
  <class>Main</class>
  <method>main</method>
  <thread>1</thread>
  <message>logging: 94</message>
</record>
<record>
  <date>2023-02-20T10:32:34.157276700Z</date>
  <millis>1676889154157</millis>
  <nanos>276700</nanos>
  <sequence>45</sequence>
  <logger>Main</logger>
  <level>INFO</level>
  <class>Main</class>
  <method>main</method>
  <thread>1</thread>
  <message>logging: 94</message>
</record>
<record>
  <date>2023-02-20T10:32:34.158274300Z</date>
  <millis>1676889154158</millis>
  <nanos>274300</nanos>
  <sequence>46</sequence>
  <logger>Main</logger>
  <level>INFO</level>
  <class>Main</class>
  <method>main</method>
  <thread>1</thread>
  <message>logging: 94</message>
</record>
<record>
  <date>2023-02-20T10:32:34.160274600Z</date>
  <millis>1676889154160</millis>
  <nanos>274600</nanos>
  <sequence>47</sequence>
  <logger>Main</logger>
  <level>INFO</level>
  <class>Main</class>
  <method>main</method>
  <thread>1</thread>
  <message>logging: 94</message>
</record>
<record>
  <date>2023-02-20T10:32:34.161277900Z</date>
  <millis>1676889154161</millis>
  <nanos>277900</nanos>
  <sequence>48</sequence>
  <logger>Main</logger>
  <level>INFO</level>
  <class>Main</class>
  <method>main</method>
  <thread>1</thread>
  <message>logging: 94</message>
</record>
<record>
  <date>2023-02-20T10:32:34.162274100Z</date>
  <millis>1676889154162</millis>
  <nanos>274100</nanos>
  <sequence>49</sequence>
  <logger>Main</logger>
  <level>INFO</level>
  <class>Main</class>
  <method>main</method>
  <thread>1</thread>
  <message>logging: 94</message>
</record>
<record>
  <date>2023-02-20T10:32:34.163275700Z</date>
  <millis>1676889154163</millis>
  <nanos>275700</nanos>
  <sequence>50</sequence>
  <logger>Main</logger>
  <level>INFO</level>
  <class>Main</class>
  <method>main</method>
  <thread>1</thread>
  <message>logging: 94</message>
</record>
<record>
  <date>2023-02-20T10:32:34.164275Z</date>
  <millis>1676889154164</millis>
  <nanos>275000</nanos>
  <sequence>51</sequence>
  <logger>Main</logger>
  <level>INFO</level>
  <class>Main</class>
  <method>main</method>
  <thread>1</thread>
  <message>logging: 94</message>
</record>
<record>
  <date>2023-02-20T10:32:34.165273900Z</date>
  <millis>1676889154165</millis>
  <nanos>273900</nanos>
  <sequence>52</sequence>
  <logger>Main</logger>
  <level>INFO</level>
  <class>Main</class>
  <method>main</method>
  <thread>1</thread>
  <message>logging: 94</message>
</record>
<record>
  <date>2023-02-20T10:32:34.166275500Z</date>
  <millis>1676889154166</millis>
  <nanos>275500</nanos>
  <sequence>53</sequence>
  <logger>Main</logger>
  <level>INFO</level>
  <class>Main</class>
  <method>main</method>
  <thread>1</thread>
  <message>logging: 84</message>
</record>
<record>
  <date>2023-02-20T10:32:34.168276700Z</date>
  <millis>1676889154168</millis>
  <nanos>276700</nanos>
  <sequence>54</sequence>
  <logger>Main</logger>
  <level>INFO</level>
  <class>Main</class>
  <method>main</method>
  <thread>1</thread>
  <message>logging: 84</message>
</record>
<record>
  <date>2023-02-20T10:32:34.170283300Z</date>
  <millis>1676889154170</millis>
  <nanos>283300</nanos>
  <sequence>55</sequence>
  <logger>Main</logger>
  <level>INFO</level>
  <class>Main</class>
  <method>main</method>
  <thread>1</thread>
  <message>logging: 84</message>
</record>
<record>
  <date>2023-02-20T10:32:34.171274300Z</date>
  <millis>1676889154171</millis>
  <nanos>274300</nanos>
  <sequence>56</sequence>
  <logger>Main</logger>
  <level>INFO</level>
  <class>Main</class>
  <method>main</method>
  <thread>1</thread>
  <message>logging: 84</message>
</record>
<record>
  <date>2023-02-20T10:32:34.172275200Z</date>
  <millis>1676889154172</millis>
  <nanos>275200</nanos>
  <sequence>57</sequence>
  <logger>Main</logger>
  <level>INFO</level>
  <class>Main</class>
  <method>main</method>
  <thread>1</thread>
  <message>logging: 88</message>
</record>
<record>
  <date>2023-02-20T10:32:34.173275100Z</date>
  <millis>1676889154173</millis>
  <nanos>275100</nanos>
  <sequence>58</sequence>
  <logger>Main</logger>
  <level>INFO</level>
  <class>Main</class>
  <method>main</method>
  <thread>1</thread>
  <message>logging: 88</message>
</record>
<record>
  <date>2023-02-20T10:32:34.175274900Z</date>
  <millis>1676889154175</millis>
  <nanos>274900</nanos>
  <sequence>59</sequence>
  <logger>Main</logger>
  <level>INFO</level>
  <class>Main</class>
  <method>main</method>
  <thread>1</thread>
  <message>logging: 88</message>
</record>
<record>
  <date>2023-02-20T10:32:34.176276500Z</date>
  <millis>1676889154176</millis>
  <nanos>276500</nanos>
  <sequence>60</sequence>
  <logger>Main</logger>
  <level>INFO</level>
  <class>Main</class>
  <method>main</method>
  <thread>1</thread>
  <message>logging: 88</message>
</record>
<record>
  <date>2023-02-20T10:32:34.177276700Z</date>
  <millis>1676889154177</millis>
  <nanos>276700</nanos>
  <sequence>61</sequence>
  <logger>Main</logger>
  <level>INFO</level>
  <class>Main</class>
  <method>main</method>
  <thread>1</thread>
  <message>logging: 88</message>
</record>
<record>
  <date>2023-02-20T10:32:34.178273300Z</date>
  <millis>1676889154178</millis>
  <nanos>273300</nanos>
  <sequence>62</sequence>
  <logger>Main</logger>
  <level>INFO</level>
  <class>Main</class>
  <method>main</method>
  <thread>1</thread>
  <message>logging: 88</message>
</record>
<record>
  <date>2023-02-20T10:32:34.179274500Z</date>
  <millis>1676889154179</millis>
  <nanos>274500</nanos>
  <sequence>63</sequence>
  <logger>Main</logger>
  <level>INFO</level>
  <class>Main</class>
  <method>main</method>
  <thread>1</thread>
  <message>logging: 88</message>
</record>
<record>
  <date>2023-02-20T10:32:34.181273500Z</date>
  <millis>1676889154181</millis>
  <nanos>273500</nanos>
  <sequence>64</sequence>
  <logger>Main</logger>
  <level>INFO</level>
  <class>Main</class>
  <method>main</method>
  <thread>1</thread>
  <message>logging: 88</message>
</record>
<record>
  <date>2023-02-20T10:32:34.182273600Z</date>
  <millis>1676889154182</millis>
  <nanos>273600</nanos>
  <sequence>65</sequence>
  <logger>Main</logger>
  <level>INFO</level>
  <class>Main</class>
  <method>main</method>
  <thread>1</thread>
  <message>logging: 88</message>
</record>
<record>
  <date>2023-02-20T10:32:34.183275800Z</date>
  <millis>1676889154183</millis>
  <nanos>275800</nanos>
  <sequence>66</sequence>
  <logger>Main</logger>
  <level>INFO</level>
  <class>Main</class>
  <method>main</method>
  <thread>1</thread>
  <message>logging: 88</message>
</record>
<record>
  <date>2023-02-20T10:32:34.185276Z</date>
  <millis>1676889154185</millis>
  <nanos>276000</nanos>
  <sequence>67</sequence>
  <logger>Main</logger>
  <level>INFO</level>
  <class>Main</class>
  <method>main</method>
  <thread>1</thread>
  <message>logging: 53</message>
</record>
<record>
  <date>2023-02-20T10:32:34.186278500Z</date>
  <millis>1676889154186</millis>
  <nanos>278500</nanos>
  <sequence>68</sequence>
  <logger>Main</logger>
  <level>INFO</level>
  <class>Main</class>
  <method>main</method>
  <thread>1</thread>
  <message>logging: 84</message>
</record>
<record>
  <date>2023-02-20T10:32:34.187276300Z</date>
  <millis>1676889154187</millis>
  <nanos>276300</nanos>
  <sequence>69</sequence>
  <logger>Main</logger>
  <level>INFO</level>
  <class>Main</class>
  <method>main</method>
  <thread>1</thread>
  <message>logging: 84</message>
</record>
<record>
  <date>2023-02-20T10:32:34.188275800Z</date>
  <millis>1676889154188</millis>
  <nanos>275800</nanos>
  <sequence>70</sequence>
  <logger>Main</logger>
  <level>INFO</level>
  <class>Main</class>
  <method>main</method>
  <thread>1</thread>
  <message>logging: 84</message>
</record>
<record>
  <date>2023-02-20T10:32:34.190275300Z</date>
  <millis>1676889154190</millis>
  <nanos>275300</nanos>
  <sequence>71</sequence>
  <logger>Main</logger>
  <level>INFO</level>
  <class>Main</class>
  <method>main</method>
  <thread>1</thread>
  <message>logging: 84</message>
</record>
<record>
  <date>2023-02-20T10:32:34.191275200Z</date>
  <millis>1676889154191</millis>
  <nanos>275200</nanos>
  <sequence>72</sequence>
  <logger>Main</logger>
  <level>INFO</level>
  <class>Main</class>
  <method>main</method>
  <thread>1</thread>
  <message>logging: 84</message>
</record>
<record>
  <date>2023-02-20T10:32:34.192273800Z</date>
  <millis>1676889154192</millis>
  <nanos>273800</nanos>
  <sequence>73</sequence>
  <logger>Main</logger>
  <level>INFO</level>
  <class>Main</class>
  <method>main</method>
  <thread>1</thread>
  <message>logging: 84</message>
</record>
<record>
  <date>2023-02-20T10:32:34.193274100Z</date>
  <millis>1676889154193</millis>
  <nanos>274100</nanos>
  <sequence>74</sequence>
  <logger>Main</logger>
  <level>INFO</level>
  <class>Main</class>
  <method>main</method>
  <thread>1</thread>
  <message>logging: 84</message>
</record>
<record>
  <date>2023-02-20T10:32:34.195276400Z</date>
  <millis>1676889154195</millis>
  <nanos>276400</nanos>
  <sequence>75</sequence>
  <logger>Main</logger>
  <level>INFO</level>
  <class>Main</class>
  <method>main</method>
  <thread>1</thread>
  <message>logging: 84</message>
</record>
<record>
  <date>2023-02-20T10:32:34.196274600Z</date>
  <millis>1676889154196</millis>
  <nanos>274600</nanos>
  <sequence>76</sequence>
  <logger>Main</logger>
  <level>INFO</level>
  <class>Main</class>
  <method>main</method>
  <thread>1</thread>
  <message>logging: 84</message>
</record>
<record>
  <date>2023-02-20T10:32:34.197273500Z</date>
  <millis>1676889154197</millis>
  <nanos>273500</nanos>
  <sequence>77</sequence>
  <logger>Main</logger>
  <level>INFO</level>
  <class>Main</class>
  <method>main</method>
  <thread>1</thread>
  <message>logging: 84</message>
</record>
<record>
  <date>2023-02-20T10:32:34.198276200Z</date>
  <millis>1676889154198</millis>
  <nanos>276200</nanos>
  <sequence>78</sequence>
  <logger>Main</logger>
  <level>INFO</level>
  <class>Main</class>
  <method>main</method>
  <thread>1</thread>
  <message>logging: 60</message>
</record>
<record>
  <date>2023-02-20T10:32:34.199277300Z</date>
  <millis>1676889154199</millis>
  <nanos>277300</nanos>
  <sequence>79</sequence>
  <logger>Main</logger>
  <level>INFO</level>
  <class>Main</class>
  <method>main</method>
  <thread>1</thread>
  <message>logging: 60</message>
</record>
<record>
  <date>2023-02-20T10:32:34.200275400Z</date>
  <millis>1676889154200</millis>
  <nanos>275400</nanos>
  <sequence>80</sequence>
  <logger>Main</logger>
  <level>INFO</level>
  <class>Main</class>
  <method>main</method>
  <thread>1</thread>
  <message>logging: 60</message>
</record>
<record>
  <date>2023-02-20T10:32:34.201276700Z</date>
  <millis>1676889154201</millis>
  <nanos>276700</nanos>
  <sequence>81</sequence>
  <logger>Main</logger>
  <level>INFO</level>
  <class>Main</class>
  <method>main</method>
  <thread>1</thread>
  <message>logging: 60</message>
</record>
<record>
  <date>2023-02-20T10:32:34.203276900Z</date>
  <millis>1676889154203</millis>
  <nanos>276900</nanos>
  <sequence>82</sequence>
  <logger>Main</logger>
  <level>INFO</level>
  <class>Main</class>
  <method>main</method>
  <thread>1</thread>
  <message>logging: 60</message>
</record>
<record>
  <date>2023-02-20T10:32:34.204275Z</date>
  <millis>1676889154204</millis>
  <nanos>275000</nanos>
  <sequence>83</sequence>
  <logger>Main</logger>
  <level>INFO</level>
  <class>Main</class>
  <method>main</method>
  <thread>1</thread>
  <message>logging: 60</message>
</record>
<record>
  <date>2023-02-20T10:32:34.206277500Z</date>
  <millis>1676889154206</millis>
  <nanos>277500</nanos>
  <sequence>84</sequence>
  <logger>Main</logger>
  <level>INFO</level>
  <class>Main</class>
  <method>main</method>
  <thread>1</thread>
  <message>logging: 60</message>
</record>
<record>
  <date>2023-02-20T10:32:34.207276Z</date>
  <millis>1676889154207</millis>
  <nanos>276000</nanos>
  <sequence>85</sequence>
  <logger>Main</logger>
  <level>INFO</level>
  <class>Main</class>
  <method>main</method>
  <thread>1</thread>
  <message>logging: 76</message>
</record>
<record>
  <date>2023-02-20T10:32:34.208273300Z</date>
  <millis>1676889154208</millis>
  <nanos>273300</nanos>
  <sequence>86</sequence>
  <logger>Main</logger>
  <level>INFO</level>
  <class>Main</class>
  <method>main</method>
  <thread>1</thread>
  <message>logging: 76</message>
</record>
<record>
  <date>2023-02-20T10:32:34.209276500Z</date>
  <millis>1676889154209</millis>
  <nanos>276500</nanos>
  <sequence>87</sequence>
  <logger>Main</logger>
  <level>INFO</level>
  <class>Main</class>
  <method>main</method>
  <thread>1</thread>
  <message>logging: 53</message>
</record>
<record>
  <date>2023-02-20T10:32:34.211277700Z</date>
  <millis>1676889154211</millis>
  <nanos>277700</nanos>
  <sequence>88</sequence>
  <logger>Main</logger>
  <level>INFO</level>
  <class>Main</class>
  <method>main</method>
  <thread>1</thread>
  <message>logging: 53</message>
</record>
<record>
  <date>2023-02-20T10:32:34.212276800Z</date>
  <millis>1676889154212</millis>
  <nanos>276800</nanos>
  <sequence>89</sequence>
  <logger>Main</logger>
  <level>INFO</level>
  <class>Main</class>
  <method>main</method>
  <thread>1</thread>
  <message>logging: 53</message>
</record>
<record>
  <date>2023-02-20T10:32:34.213276200Z</date>
  <millis>1676889154213</millis>
  <nanos>276200</nanos>
  <sequence>90</sequence>
  <logger>Main</logger>
  <level>INFO</level>
  <class>Main</class>
  <method>main</method>
  <thread>1</thread>
  <message>logging: 55</message>
</record>
<record>
  <date>2023-02-20T10:32:34.215275500Z</date>
  <millis>1676889154215</millis>
  <nanos>275500</nanos>
  <sequence>91</sequence>
  <logger>Main</logger>
  <level>INFO</level>
  <class>Main</class>
  <method>main</method>
  <thread>1</thread>
  <message>logging: 56</message>
</record>
<record>
  <date>2023-02-20T10:32:34.216275400Z</date>
  <millis>1676889154216</millis>
  <nanos>275400</nanos>
  <sequence>92</sequence>
  <logger>Main</logger>
  <level>INFO</level>
  <class>Main</class>
  <method>main</method>
  <thread>1</thread>
  <message>logging: 60</message>
</record>
<record>
  <date>2023-02-20T10:32:34.216275400Z</date>
  <millis>1676889154216</millis>
  <nanos>275400</nanos>
  <sequence>93</sequence>
  <logger>Main</logger>
  <level>INFO</level>
  <class>Main</class>
  <method>main</method>
  <thread>1</thread>
  <message>logging: 52</message>
</record>
<record>
  <date>2023-02-20T10:32:34.218277Z</date>
  <millis>1676889154218</millis>
  <nanos>277000</nanos>
  <sequence>94</sequence>
  <logger>Main</logger>
  <level>INFO</level>
  <class>Main</class>
  <method>main</method>
  <thread>1</thread>
  <message>logging: 52</message>
</record>
<record>
  <date>2023-02-20T10:32:34.220276600Z</date>
  <millis>1676889154220</millis>
  <nanos>276600</nanos>
  <sequence>95</sequence>
  <logger>Main</logger>
  <level>INFO</level>
  <class>Main</class>
  <method>main</method>
  <thread>1</thread>
  <message>logging: 52</message>
</record>
<record>
  <date>2023-02-20T10:32:34.221277300Z</date>
  <millis>1676889154221</millis>
  <nanos>277300</nanos>
  <sequence>96</sequence>
  <logger>Main</logger>
  <level>INFO</level>
  <class>Main</class>
  <method>main</method>
  <thread>1</thread>
  <message>logging: 53</message>
</record>
<record>
  <date>2023-02-20T10:32:34.222278100Z</date>
  <millis>1676889154222</millis>
  <nanos>278100</nanos>
  <sequence>97</sequence>
  <logger>Main</logger>
  <level>INFO</level>
  <class>Main</class>
  <method>main</method>
  <thread>1</thread>
  <message>logging: 55</message>
</record>
<record>
  <date>2023-02-20T10:32:34.223276600Z</date>
  <millis>1676889154223</millis>
  <nanos>276600</nanos>
  <sequence>98</sequence>
  <logger>Main</logger>
  <level>INFO</level>
  <class>Main</class>
  <method>main</method>
  <thread>1</thread>
  <message>logging: 56</message>
</record>
<record>
  <date>2023-02-20T10:32:34.224275300Z</date>
  <millis>1676889154224</millis>
  <nanos>275300</nanos>
  <sequence>99</sequence>
  <logger>Main</logger>
  <level>INFO</level>
  <class>Main</class>
  <method>main</method>
  <thread>1</thread>
  <message>logging: 51</message>
</record>
<record>
  <date>2023-02-20T10:32:34.225275800Z</date>
  <millis>1676889154225</millis>
  <nanos>275800</nanos>
  <sequence>100</sequence>
  <logger>Main</logger>
  <level>INFO</level>
  <class>Main</class>
  <method>main</method>
  <thread>1</thread>
  <message>logging: 51</message>
</record>
<record>
  <date>2023-02-20T10:32:34.226275400Z</date>
  <millis>1676889154226</millis>
  <nanos>275400</nanos>
  <sequence>101</sequence>
  <logger>Main</logger>
  <level>INFO</level>
  <class>Main</class>
  <method>main</method>
  <thread>1</thread>
  <message>logging: 51</message>
</record>
<record>
  <date>2023-02-20T10:32:34.227275500Z</date>
  <millis>1676889154227</millis>
  <nanos>275500</nanos>
  <sequence>102</sequence>
  <logger>Main</logger>
  <level>INFO</level>
  <class>Main</class>
  <method>main</method>
  <thread>1</thread>
  <message>logging: 52</message>
</record>
<record>
  <date>2023-02-20T10:32:34.228276400Z</date>
  <millis>1676889154228</millis>
  <nanos>276400</nanos>
  <sequence>103</sequence>
  <logger>Main</logger>
  <level>INFO</level>
  <class>Main</class>
  <method>main</method>
  <thread>1</thread>
  <message>logging: 53</message>
</record>
<record>
  <date>2023-02-20T10:32:34.230277400Z</date>
  <millis>1676889154230</millis>
  <nanos>277400</nanos>
  <sequence>104</sequence>
  <logger>Main</logger>
  <level>INFO</level>
  <class>Main</class>
  <method>main</method>
  <thread>1</thread>
  <message>logging: 55</message>
</record>
<record>
  <date>2023-02-20T10:32:34.231277400Z</date>
  <millis>1676889154231</millis>
  <nanos>277400</nanos>
  <sequence>105</sequence>
  <logger>Main</logger>
  <level>INFO</level>
  <class>Main</class>
  <method>main</method>
  <thread>1</thread>
  <message>logging: 30</message>
</record>
<record>
  <date>2023-02-20T10:32:34.232276600Z</date>
  <millis>1676889154232</millis>
  <nanos>276600</nanos>
  <sequence>106</sequence>
  <logger>Main</logger>
  <level>INFO</level>
  <class>Main</class>
  <method>main</method>
  <thread>1</thread>
  <message>logging: 51</message>
</record>
<record>
  <date>2023-02-20T10:32:34.233275700Z</date>
  <millis>1676889154233</millis>
  <nanos>275700</nanos>
  <sequence>107</sequence>
  <logger>Main</logger>
  <level>INFO</level>
  <class>Main</class>
  <method>main</method>
  <thread>1</thread>
  <message>logging: 52</message>
</record>
<record>
  <date>2023-02-20T10:32:34.234276400Z</date>
  <millis>1676889154234</millis>
  <nanos>276400</nanos>
  <sequence>108</sequence>
  <logger>Main</logger>
  <level>INFO</level>
  <class>Main</class>
  <method>main</method>
  <thread>1</thread>
  <message>logging: 53</message>
</record>
<record>
  <date>2023-02-20T10:32:34.235280300Z</date>
  <millis>1676889154235</millis>
  <nanos>280300</nanos>
  <sequence>109</sequence>
  <logger>Main</logger>
  <level>INFO</level>
  <class>Main</class>
  <method>main</method>
  <thread>1</thread>
  <message>logging: 34</message>
</record>
<record>
  <date>2023-02-20T10:32:34.236276200Z</date>
  <millis>1676889154236</millis>
  <nanos>276200</nanos>
  <sequence>110</sequence>
  <logger>Main</logger>
  <level>INFO</level>
  <class>Main</class>
  <method>main</method>
  <thread>1</thread>
  <message>logging: 51</message>
</record>
<record>
  <date>2023-02-20T10:32:34.237276500Z</date>
  <millis>1676889154237</millis>
  <nanos>276500</nanos>
  <sequence>111</sequence>
  <logger>Main</logger>
  <level>INFO</level>
  <class>Main</class>
  <method>main</method>
  <thread>1</thread>
  <message>logging: 52</message>
</record>
<record>
  <date>2023-02-20T10:32:34.238275900Z</date>
  <millis>1676889154238</millis>
  <nanos>275900</nanos>
  <sequence>112</sequence>
  <logger>Main</logger>
  <level>INFO</level>
  <class>Main</class>
  <method>main</method>
  <thread>1</thread>
  <message>logging: 30</message>
</record>
<record>
  <date>2023-02-20T10:32:34.239274900Z</date>
  <millis>1676889154239</millis>
  <nanos>274900</nanos>
  <sequence>113</sequence>
  <logger>Main</logger>
  <level>INFO</level>
  <class>Main</class>
  <method>main</method>
  <thread>1</thread>
  <message>logging: 34</message>
</record>
<record>
  <date>2023-02-20T10:32:34.241275100Z</date>
  <millis>1676889154241</millis>
  <nanos>275100</nanos>
  <sequence>114</sequence>
  <logger>Main</logger>
  <level>INFO</level>
  <class>Main</class>
  <method>main</method>
  <thread>1</thread>
  <message>logging: 51</message>
</record>
<record>
  <date>2023-02-20T10:32:34.241275100Z</date>
  <millis>1676889154241</millis>
  <nanos>275100</nanos>
  <sequence>115</sequence>
  <logger>Main</logger>
  <level>INFO</level>
  <class>Main</class>
  <method>main</method>
  <thread>1</thread>
  <message>logging: 30</message>
</record>
<record>
  <date>2023-02-20T10:32:34.242275100Z</date>
  <millis>1676889154242</millis>
  <nanos>275100</nanos>
  <sequence>116</sequence>
  <logger>Main</logger>
  <level>INFO</level>
  <class>Main</class>
  <method>main</method>
  <thread>1</thread>
  <message>logging: 18</message>
</record>
<record>
  <date>2023-02-20T10:32:34.244275300Z</date>
  <millis>1676889154244</millis>
  <nanos>275300</nanos>
  <sequence>117</sequence>
  <logger>Main</logger>
  <level>INFO</level>
  <class>Main</class>
  <method>main</method>
  <thread>1</thread>
  <message>logging: 15</message>
</record>
</log>
